goldenmodule:
  apikey: "example value"
  maxconnections: 10
  debug: false